USERID/123456
USERID/PASSWORD
USERID/Passw8rd
USERID/admin
USERID/apc
USERID/cust0mer
USERID/iadmin
USERID/passw0rd
USERID/password
admin/!admin
admin/!manage
admin/12345
admin/123456
admin/123456
admin/123456
admin/3V#rpar
admin/3V@rpar
admin/Admin123
admin/Admin123
admin/Admin@storage
admin/C1sco!23
admin/C1trix321
admin/Cisco
admin/Cisco123
admin/Cisco1234
admin/EMCPMAdm7n
admin/HuaWei123
admin/Huawei12#$
admin/HwDec@01
admin/OpC_op
admin/PASSWORD
admin/Passw8rd
admin/Password#1
admin/Password123#
admin/Stor@ge!
admin/TANDBERG
admin/_Cisco
admin/access
admin/admin
admin/admin
admin/admin
admin/admin
admin/admin
admin/admin
admin/admin123
admin/apc
admin/attack
admin/badg3r5
admin/besgroup
admin/blender
admin/brocade
admin/c
admin/calvin
admin/cc
admin/change_it
admin/changeme
admin/changeme
admin/cisco
admin/cisco123
admin/config
admin/cust0mer
admin/default
admin/default
admin/diamond
admin/emc
admin/fibranne
admin/freebsd
admin/fsp200@HW
admin/hpinvent
admin/hqadmin
admin/hsadb
admin/huawei123
admin/hwosta2.0
admin/iMC123
admin/iadmin
admin/ipics
admin/kaviza
admin/kaviza123
admin/netapp123
admin/nice
admin/nsmaint
admin/nsroot
admin/passw0rd
admin/passw0rd
admin/password
admin/password
admin/password
admin/password
admin/password
admin/pnadmin
admin/private
admin/procurve
admin/public
admin/pvadmin
admin/root
admin/rootadmin
admin/secur4u
admin/sysadmin
admin/user
admin/vcx
admin/vkernel
admin/vmw@re
admin/vmware
admin/wanscaler
apc/apc
app/!admin
app/!manage
app/3V#rpar
app/3V@rpar
app/OpC_op
app/access
app/admin
app/badg3r5
app/besgroup
app/config
app/hpinvent
app/iMC123
app/nice
app/passw0rd
app/password
app/procurve
app/pvadmin
app/vcx
applvis/changeme
applvis/ilom-admin
applvis/ilom-operator
applvis/oracle
applvis/welcome1
cisco/12345
cisco/Admin123
cisco/C1sco!23
cisco/Cisco
cisco/Cisco123
cisco/Cisco1234
cisco/TANDBERG
cisco/_Cisco
cisco/admin
cisco/attack
cisco/blender
cisco/c
cisco/cc
cisco/change_it
cisco/changeme
cisco/cisco
cisco/cisco123
cisco/default
cisco/diamond
cisco/hsadb
cisco/ipics
cisco/password
cisco/pnadmin
cisco/secur4u
cli/123456
cli/C1trix321
cli/Stor@ge!
cli/admin
cli/calvin
cli/freebsd
cli/kaviza
cli/kaviza123
cli/nsmaint
cli/nsroot
cli/password
cli/public
cli/rootadmin
cli/vkernel
cli/wanscaler
customer/123456
customer/PASSWORD
customer/Passw8rd
customer/admin
customer/apc
customer/cust0mer
customer/iadmin
customer/passw0rd
customer/password
dausr1/123456
dausr1/PASSWORD
dausr1/Passw8rd
dausr1/admin
dausr1/apc
dausr1/cust0mer
dausr1/iadmin
dausr1/passw0rd
dausr1/password
db2admin/123456
db2admin/PASSWORD
db2admin/Passw8rd
db2admin/admin
db2admin/apc
db2admin/cust0mer
db2admin/iadmin
db2admin/passw0rd
db2admin/password
db2fenc1/123456
db2fenc1/PASSWORD
db2fenc1/Passw8rd
db2fenc1/admin
db2fenc1/apc
db2fenc1/cust0mer
db2fenc1/iadmin
db2fenc1/passw0rd
db2fenc1/password
db2inst1/123456
db2inst1/PASSWORD
db2inst1/Passw8rd
db2inst1/admin
db2inst1/apc
db2inst1/cust0mer
db2inst1/iadmin
db2inst1/passw0rd
db2inst1/password
device/123456
device/PASSWORD
device/Passw8rd
device/admin
device/apc
device/apc
device/cust0mer
device/iadmin
device/passw0rd
device/password
enable/12345
enable/Admin123
enable/C1sco!23
enable/Cisco
enable/Cisco123
enable/Cisco1234
enable/TANDBERG
enable/_Cisco
enable/admin
enable/attack
enable/blender
enable/c
enable/cc
enable/change_it
enable/changeme
enable/cisco
enable/cisco123
enable/default
enable/diamond
enable/hsadb
enable/ipics
enable/password
enable/pnadmin
enable/secur4u
hpsupport/!admin
hpsupport/!manage
hpsupport/3V#rpar
hpsupport/3V@rpar
hpsupport/OpC_op
hpsupport/access
hpsupport/admin
hpsupport/badg3r5
hpsupport/besgroup
hpsupport/config
hpsupport/hpinvent
hpsupport/iMC123
hpsupport/nice
hpsupport/passw0rd
hpsupport/password
hpsupport/procurve
hpsupport/pvadmin
hpsupport/vcx
hqadmin/default
hqadmin/hqadmin
hqadmin/vmw@re
hqadmin/vmware
hsa/12345
hsa/Admin123
hsa/C1sco!23
hsa/Cisco
hsa/Cisco123
hsa/Cisco1234
hsa/TANDBERG
hsa/_Cisco
hsa/admin
hsa/attack
hsa/blender
hsa/c
hsa/cc
hsa/change_it
hsa/changeme
hsa/cisco
hsa/cisco123
hsa/default
hsa/diamond
hsa/hsadb
hsa/ipics
hsa/password
hsa/pnadmin
hsa/secur4u
iadmin/123456
iadmin/PASSWORD
iadmin/Passw8rd
iadmin/admin
iadmin/apc
iadmin/cust0mer
iadmin/iadmin
iadmin/passw0rd
iadmin/password
ilom-admin/changeme
ilom-admin/ilom-admin
ilom-admin/ilom-operator
ilom-admin/oracle
ilom-admin/welcome1
ilom-operator/changeme
ilom-operator/ilom-admin
ilom-operator/ilom-operator
ilom-operator/oracle
ilom-operator/welcome1
kvm/C1trix321
kvm/freebsd
kvm/kaviza
kvm/kaviza123
kvm/nsmaint
kvm/nsroot
kvm/public
kvm/rootadmin
kvm/wanscaler
manage/!admin
manage/!manage
manage/3V#rpar
manage/3V@rpar
manage/OpC_op
manage/access
manage/admin
manage/badg3r5
manage/besgroup
manage/config
manage/hpinvent
manage/iMC123
manage/nice
manage/passw0rd
manage/password
manage/procurve
manage/pvadmin
manage/vcx
manager/123456
manager/PASSWORD
manager/Passw8rd
manager/admin
manager/apc
manager/cust0mer
manager/iadmin
manager/passw0rd
manager/password
mqm/123456
mqm/PASSWORD
mqm/Passw8rd
mqm/admin
mqm/apc
mqm/cust0mer
mqm/iadmin
mqm/passw0rd
mqm/password
netscreen/netscreen
nm2user/changeme
nm2user/ilom-admin
nm2user/ilom-operator
nm2user/oracle
nm2user/welcome1
nsmaint/C1trix321
nsmaint/freebsd
nsmaint/kaviza
nsmaint/kaviza123
nsmaint/nsmaint
nsmaint/nsroot
nsmaint/public
nsmaint/rootadmin
nsmaint/wanscaler
nsroot/C1trix321
nsroot/freebsd
nsroot/kaviza
nsroot/kaviza123
nsroot/nsmaint
nsroot/nsroot
nsroot/public
nsroot/rootadmin
nsroot/wanscaler
opc_op/!admin
opc_op/!manage
opc_op/3V#rpar
opc_op/3V@rpar
opc_op/OpC_op
opc_op/access
opc_op/admin
opc_op/badg3r5
opc_op/besgroup
opc_op/config
opc_op/hpinvent
opc_op/iMC123
opc_op/nice
opc_op/passw0rd
opc_op/password
opc_op/procurve
opc_op/pvadmin
opc_op/vcx
oravis/changeme
oravis/ilom-admin
oravis/ilom-operator
oravis/oracle
oravis/welcome1
orcale/changeme
orcale/ilom-admin
orcale/ilom-operator
orcale/oracle
orcale/welcome1
pix/12345
pix/Admin123
pix/C1sco!23
pix/Cisco
pix/Cisco123
pix/Cisco1234
pix/TANDBERG
pix/_Cisco
pix/admin
pix/attack
pix/blender
pix/c
pix/cc
pix/change_it
pix/changeme
pix/cisco
pix/cisco123
pix/default
pix/diamond
pix/hsadb
pix/ipics
pix/password
pix/pnadmin
pix/secur4u
pnadmin/12345
pnadmin/Admin123
pnadmin/C1sco!23
pnadmin/Cisco
pnadmin/Cisco123
pnadmin/Cisco1234
pnadmin/TANDBERG
pnadmin/_Cisco
pnadmin/admin
pnadmin/attack
pnadmin/blender
pnadmin/c
pnadmin/cc
pnadmin/change_it
pnadmin/changeme
pnadmin/cisco
pnadmin/cisco123
pnadmin/default
pnadmin/diamond
pnadmin/hsadb
pnadmin/ipics
pnadmin/password
pnadmin/pnadmin
pnadmin/secur4u
ripeop/12345
ripeop/Admin123
ripeop/C1sco!23
ripeop/Cisco
ripeop/Cisco123
ripeop/Cisco1234
ripeop/TANDBERG
ripeop/_Cisco
ripeop/admin
ripeop/attack
ripeop/blender
ripeop/c
ripeop/cc
ripeop/change_it
ripeop/changeme
ripeop/cisco
ripeop/cisco123
ripeop/default
ripeop/diamond
ripeop/hsadb
ripeop/ipics
ripeop/password
ripeop/pnadmin
ripeop/secur4u
root/!admin
root/!manage
root/12345
root/123456
root/123456
root/3V#rpar
root/3V@rpar
root/Admin123
root/Admin123
root/Admin@storage
root/C1sco!23
root/C1trix321
root/Cisco
root/Cisco123
root/Cisco1234
root/EMCPMAdm7n
root/HuaWei123
root/Huawei12#$
root/HwDec@01
root/OpC_op
root/Password#1
root/Password123#
root/Stor@ge!
root/TANDBERG
root/_Cisco
root/access
root/admin
root/admin
root/admin
root/admin
root/attack
root/badg3r5
root/besgroup
root/blender
root/c
root/calvin
root/cc
root/change_it
root/changeme
root/changeme
root/changeme
root/cisco
root/cisco123
root/config
root/default
root/default
root/diamond
root/emc
root/freebsd
root/fsp200@HW
root/hpinvent
root/hqadmin
root/hsadb
root/huawei123
root/hwosta2.0
root/iMC123
root/ilom-admin
root/ilom-operator
root/ipics
root/kaviza
root/kaviza123
root/nice
root/nsmaint
root/nsroot
root/oracle
root/passw0rd
root/password
root/password
root/password
root/pnadmin
root/procurve
root/public
root/pvadmin
root/root
root/rootadmin
root/secur4u
root/sysadmin
root/vcx
root/vkernel
root/vmw@re
root/vmware
root/wanscaler
root/welcome1
shelladmin/12345
shelladmin/Admin123
shelladmin/C1sco!23
shelladmin/Cisco
shelladmin/Cisco123
shelladmin/Cisco1234
shelladmin/TANDBERG
shelladmin/_Cisco
shelladmin/admin
shelladmin/attack
shelladmin/blender
shelladmin/c
shelladmin/cc
shelladmin/change_it
shelladmin/changeme
shelladmin/cisco
shelladmin/cisco123
shelladmin/default
shelladmin/diamond
shelladmin/hsadb
shelladmin/ipics
shelladmin/password
shelladmin/pnadmin
shelladmin/secur4u
spvar/!admin
spvar/!manage
spvar/3V#rpar
spvar/3V@rpar
spvar/OpC_op
spvar/access
spvar/admin
spvar/badg3r5
spvar/besgroup
spvar/config
spvar/hpinvent
spvar/iMC123
spvar/nice
spvar/passw0rd
spvar/password
spvar/procurve
spvar/pvadmin
spvar/vcx
sysadmin/EMCPMAdm7n
sysadmin/Password#1
sysadmin/Password123#
sysadmin/changeme
sysadmin/emc
sysadmin/sysadmin
system/123456
system/PASSWORD
system/Passw8rd
system/admin
system/apc
system/cust0mer
system/iadmin
system/passw0rd
system/password
ufmcli/123456
ufmcli/PASSWORD
ufmcli/Passw8rd
ufmcli/admin
ufmcli/apc
ufmcli/cust0mer
ufmcli/iadmin
ufmcli/passw0rd
ufmcli/password
user/admin
user/private
user/user
user1/123456
user1/Stor@ge!
user1/admin
user1/calvin
user1/password
user1/vkernel
vcx/!admin
vcx/!manage
vcx/3V#rpar
vcx/3V@rpar
vcx/OpC_op
vcx/access
vcx/admin
vcx/badg3r5
vcx/besgroup
vcx/config
vcx/hpinvent
vcx/iMC123
vcx/nice
vcx/passw0rd
vcx/password
vcx/procurve
vcx/pvadmin
vcx/vcx
vi-admin/default
vi-admin/hqadmin
vi-admin/vmw@re
vi-admin/vmware
vkernel/123456
vkernel/Stor@ge!
vkernel/admin
vkernel/calvin
vkernel/password
vkernel/vkernel
vliadmin/C1trix321
vliadmin/freebsd
vliadmin/kaviza
vliadmin/kaviza123
vliadmin/nsmaint
vliadmin/nsroot
vliadmin/public
vliadmin/rootadmin
vliadmin/wanscaler
vmware/default
vmware/hqadmin
vmware/vmw@re
vmware/vmware